---
source: parser/src/tests/mod.rs
expression: "print_graphql(parse_type_system_document(\"\n                input Foo {\n                    foo: String!\n                    bar: String!\n                }\n                input Bar @wow {\n                    \\\"this is foo\\\" foo: String = \\\"aaa\\\"  @wow\n                    bar: Bar\n                }\n                \\\"\\\"\\\"\n                Description of type\n                \\\"\\\"\\\"\n                input Baz {\n                    baz: Int! = 3\n                }\n\n                extend input Foo {\n                    foo2: String! @foo(num: 2)\n                }\n                extend input Bar @barber\n                \").unwrap())"
---
input Foo {
  foo: String!
  bar: String!
}

input Bar @wow {
  "this is foo"
  foo: String = "aaa" @wow
  bar: Bar
}

"""
                Description of type
                """
input Baz {
  baz: Int! = 3
}

extend input Foo {
  foo2: String! @foo(num: 2)
}

extend input Bar @barber


