---
source: src/graphql_parser/tests/mod.rs
expression: "print_graphql(parse_type_system_document(\"\n                directive @foo on QUERY | MUTATION | SUBSCRIPTION\n                \\\"\\\"\\\"\n                Hey \\\"\\\"hey\\\"\\\" \\\\\\\"\\\"\\\"Hey\\\\\\\"\\\"\\\"\n                \\\"\\\"\\\"\n                directive @bar repeatable on INPUT_FIELD_DEFINITION\n                directive @baz(arg1: Int! @arg, arg2: Int! @arg) on INPUT_OBJECT\n                \").unwrap())"
---
directive @foo on | QUERY | MUTATION | SUBSCRIPTION

"""
                Hey ""hey"" \\"""Hey\\"""
                """
directive @bar repeatable on | INPUT_FIELD_DEFINITION

directive @baz(arg1: Int! @arg, arg2: Int! @arg) on | INPUT_OBJECT


