---
source: src/graphql_parser/tests/mod.rs
expression: "print_graphql(parse_operation_document(\"\n                query sample($foo: [Int!]!) @a @b(c: D) {\n                    foo\n                    bar\n                 }\n\").unwrap())"
---
query sample($foo: [Int!]!) @a @b(c: D) {
  foo
  bar
}

