---
source: parser/src/tests/mod.rs
expression: "print_graphql(parse_type_system_document(\"\n                union ABC = A | B | C,\n                \\\"XYZ Dragon Cannon\\\"union XYZ @x @y @z = | X | Y\n                | Z\n\n                extend union ABC = D\n                extend union XYZ @xyz\n                \").unwrap())"
---
union ABC = | A | B | C

"XYZ Dragon Cannon"
union XYZ @x @y @z = | X | Y | Z

extend union ABC = | D

extend union XYZ @xyz =


