---
source: crates/printer/src/operation_js_printer/tests/mod.rs
expression: print_js(&document)
---
const MyQueryQuery = {"kind":"Document","definitions":[{"kind":"OperationDefinition","operation":"query","name":{"kind":"Name","value":"MyQuery"},"variableDefinitions":[],"directives":[],"selectionSet":{"kind":"SelectionSet","selections":[{"kind":"Field","name":{"kind":"Name","value":"user"},"arguments":[],"directives":[],"selectionSet":{"kind":"SelectionSet","selections":[{"kind":"FragmentSpread","name":{"kind":"Name","value":"Foo"},"directives":[]}]}}]}},{"kind":"FragmentDefinition","name":{"kind":"Name","value":"Foo"},"typeCondition":{"kind":"NamedType","name":{"kind":"Name","value":"User"}},"directives":[],"selectionSet":{"kind":"SelectionSet","selections":[{"kind":"Field","name":{"kind":"Name","value":"id"},"arguments":[],"directives":[]},{"kind":"Field","name":{"kind":"Name","value":"user"},"arguments":[],"directives":[],"selectionSet":{"kind":"SelectionSet","selections":[{"kind":"FragmentSpread","name":{"kind":"Name","value":"Foo"},"directives":[]}]}}]}}]};

export { MyQueryQuery as default };

export const Foo = {"kind":"Document","definitions":[{"kind":"FragmentDefinition","name":{"kind":"Name","value":"Foo"},"typeCondition":{"kind":"NamedType","name":{"kind":"Name","value":"User"}},"directives":[],"selectionSet":{"kind":"SelectionSet","selections":[{"kind":"Field","name":{"kind":"Name","value":"id"},"arguments":[],"directives":[]},{"kind":"Field","name":{"kind":"Name","value":"user"},"arguments":[],"directives":[],"selectionSet":{"kind":"SelectionSet","selections":[{"kind":"FragmentSpread","name":{"kind":"Name","value":"Foo"},"directives":[]}]}}]}}]};


