---
source: crates/printer/src/operation_type_printer/tests/mod.rs
expression: result
---
import type { TypedDocumentNode } from "@graphql-typed-document-node/core";
import type * as Schema from "";

type Result = Schema.__SelectionSet<Schema.__OperationOutput.Query, {
  me: Schema.__SelectionSet<Schema.__OperationOutput.User, {
    id: Schema.__OperationOutput.ID;
    name: Schema.__OperationOutput.String;
  }, {}>;
}, {}>;

type Variables = {};

const Query: TypedDocumentNode<Result, Variables> = {"kind":"Document","definitions":[{"kind":"OperationDefinition","operation":"query","variableDefinitions":[],"directives":[],"selectionSet":{"kind":"SelectionSet","selections":[{"kind":"Field","name":{"kind":"Name","value":"me"},"arguments":[],"directives":[],"selectionSet":{"kind":"SelectionSet","selections":[{"kind":"Field","name":{"kind":"Name","value":"id"},"arguments":[],"directives":[]},{"kind":"Field","name":{"kind":"Name","value":"name"},"arguments":[],"directives":[]}]}}]}}]} as unknown as TypedDocumentNode<Result, Variables>;

export { Query as default };


