---
source: crates/printer/src/operation_type_printer/tests/mod.rs
expression: printed
---
import type { TypedDocumentNode } from "@graphql-typed-document-node/core";
import type * as Schema from "";

type TestQueryResult = Schema.__SelectionSet<Schema.__OperationOutput.Query, {
  me: Schema.__SelectionSet<Schema.__OperationOutput.User, {
    id: Schema.__OperationOutput.ID;
    name: Schema.__OperationOutput.String;
    type: Schema.__OperationOutput.UserType;
    age: Schema.__OperationOutput.Int | null;
  }, {}>;
}, {}>;

type TestQueryVariables = {
  readonly foo: Schema.__OperationInput.Int;
  readonly bar?: Schema.__OperationInput.String | null | undefined;
};

declare const TestQueryQuery: TypedDocumentNode<TestQueryResult, TestQueryVariables>;

export { TestQueryQuery as default };


