---
source: crates/printer/src/operation_type_printer/tests/mod.rs
expression: printed
---
import type { TypedDocumentNode } from "@graphql-typed-document-node/core";
import type * as Schema from "";

type Result = Schema.__SelectionSet<Schema.Query, {
  me: Schema.__SelectionSet<Schema.User, {
    id: Schema.ID;
    name?: never;
  }, {}> | Schema.__SelectionSet<Schema.User, {
    id?: never;
    name: Schema.String;
  }, {}>;
}, {}>;

type Variables = {
  flag: Schema.Boolean;
};

declare const Query: TypedDocumentNode<Result, Variables>;

export { Query as default };


