---
source: checker/src/operation_checker/tests/mod.rs
expression: "check_operation_document(&schema, &doc)"
---
[
    CheckError {
        position: Pos {
            line: 1,
            column: 20,
            file: 0,
            builtin: false,
        },
        message: RequiredArgumentNotSpecified {
            name: "bool",
        },
        additional_info: [
            (
                Pos {
                    line: 1,
                    column: 40,
                    file: 0,
                    builtin: false,
                },
                DefinitionPos {
                    name: "bool",
                },
            ),
        ],
    },
]
