---
source: json-printer/src/tests/mod.rs
expression: "print_json_to_string(Type::List(Box::new(ListType {\n                position: POS,\n                r#type: Type::Named(NamedType {\n                        name: Ident { position: POS, name: \"String\" },\n                    }),\n            })))"
---
{"kind":"ListType","type":{"kind":"NamedType","name":{"type":"Name","value":"String"}}}
