---
source: crates/graphql-loader/src/loader.rs
expression: js
---
const TestQuery = {"kind":"Document","definitions":[{"kind":"OperationDefinition","operation":"query","name":{"kind":"Name","value":"Test"},"variableDefinitions":[],"directives":[],"selectionSet":{"kind":"SelectionSet","selections":[{"kind":"Field","name":{"kind":"Name","value":"test"},"arguments":[],"directives":[]}]}}]};

export { TestQuery as default };


