---
source: crates/printer/src/schema_type_printer/tests/mod.rs
expression: printed
---
export type __nitrogql_schema = {
  query: Query;
};

type __Beautify<Obj> = { [K in keyof Obj]: Obj[K] } & {};
export type __SelectionSet<Orig, Obj, Others> =
  __Beautify<Pick<{
    [K in keyof Orig]: Obj extends Record<K, infer V> ? V : unknown
  }, Extract<keyof Orig, keyof Obj>> & Others>;
export type User = {
  __typename: "User";
  id: ID;
  name: String;
  /**
   * Age of user.
   * @deprecated No longer supported
   */
  age: Int | null;
  /**
   * @deprecated Deprecated for political reasons
   */
  gender: String | null;
};

export type Query = {
  __typename: "Query";
  me: User;
};

export type UserSearchQuery = {
  /**
   * @deprecated No longer supported
   */
  readonly age?: Int | null | undefined;
  readonly name?: String | null | undefined;
};


