---
source: src/checker/operation_checker/tests/mod.rs
expression: "check_operation_document(&schema, &doc)"
---
[
    CheckError {
        position: Pos {
            line: 6,
            column: 37,
            file: 0,
            builtin: false,
        },
        message: UnknownVariable {
            name: "b2",
        },
        additional_info: [],
    },
]
