---
source: printer/src/json_printer/tests/mod.rs
expression: "print_json_to_string(FragmentSpread {\n        position: POS,\n        fragment_name: Ident { position: POS, name: \"F\" },\n        directives: vec![Directive\n            {\n                position : POS, name : Ident { name : \"abc\", position : POS },\n                arguments : None\n            },],\n    })"
---
{"kind":"FragmentSpread","name":{"type":"Name","value":"F"},"directives":[{"kind":"Directive","name":{"type":"Name","value":"abc"},"arguments":[]}]}
